START monte200 seed=999001 total=200 csv=/home/tommy/pythonprojects/bedrock/installer/lib/rustfs-patches/sweep-results/sweep-4node-monte200-20260504-011229.csv log=/home/tommy/pythonprojects/bedrock/installer/lib/rustfs-patches/sweep-results/sweep-4node-monte200-20260504-011229.log
MONTE_INITIAL_RESET='' (empty => RESET=0 all iters); gate=3/4 list-buckets
[1/200] h14w36p8k0.68r1s10 v=0 hotf=0 coldf=0 strict_total=0 any_total=0 rc=0 dur=77.59s bad=0
[2/200] h16w24p16k0.60r3s10 v=1 hotf=0 coldf=0 strict_total=0 any_total=0 rc=0 dur=115.08s bad=0
[3/200] h18w32p12k0.46r2s14 v=2 hotf=0 coldf=0 strict_total=0 any_total=0 rc=0 dur=113.57s bad=0
[4/200] h14w32p16k0.83r2s14 v=3 hotf=0 coldf=0 strict_total=0 any_total=0 rc=0 dur=97.85s bad=0
[5/200] h18w32p16k0.40r3s12 v=0 hotf=3 coldf=0 strict_total=1 any_total=1 rc=0 dur=111.03s bad=0
[6/200] h14w36p20k0.73r3s8 v=1 hotf=3 coldf=0 strict_total=2 any_total=2 rc=0 dur=107.46s bad=0
[7/200] h10w36p8k0.84r3s10 v=2 hotf=0 coldf=0 strict_total=2 any_total=2 rc=0 dur=82.66s bad=0
[8/200] h16w32p24k0.74r1s10 v=3 hotf=0 coldf=0 strict_total=2 any_total=2 rc=0 dur=92.37s bad=0
[9/200] h16w40p16k0.79r2s14 v=0 hotf=3 coldf=0 strict_total=3 any_total=3 rc=0 dur=111.7s bad=0
[10/200] h12w32p16k0.81r2s14 v=1 hotf=0 coldf=0 strict_total=3 any_total=3 rc=0 dur=88.07s bad=0
[11/200] h12w32p24k0.40r2s10 v=2 hotf=0 coldf=0 strict_total=3 any_total=3 rc=0 dur=88.03s bad=0
[12/200] h16w24p16k0.53r1s8 v=3 hotf=0 coldf=0 strict_total=3 any_total=3 rc=0 dur=82.88s bad=0
[13/200] h10w40p24k0.45r2s12 v=0 hotf=0 coldf=0 strict_total=3 any_total=3 rc=0 dur=81.64s bad=0
[14/200] h16w24p16k0.83r1s12 v=1 hotf=3 coldf=0 strict_total=4 any_total=4 rc=0 dur=105.54s bad=0
[15/200] h10w36p20k0.45r1s14 v=2 hotf=0 coldf=0 strict_total=4 any_total=4 rc=0 dur=68.65s bad=0
[16/200] h12w36p24k0.47r1s10 v=3 hotf=0 coldf=0 strict_total=4 any_total=4 rc=0 dur=76.71s bad=0
[17/200] h14w32p20k0.46r2s10 v=0 hotf=0 coldf=0 strict_total=4 any_total=4 rc=0 dur=96.44s bad=0
[18/200] h10w36p24k0.44r3s10 v=1 hotf=0 coldf=0 strict_total=4 any_total=4 rc=0 dur=90.36s bad=0
[19/200] h14w32p24k0.68r3s10 v=2 hotf=0 coldf=0 strict_total=4 any_total=4 rc=0 dur=111.27s bad=0
[20/200] h18w40p8k0.71r2s10 v=3 hotf=3 coldf=0 strict_total=5 any_total=5 rc=0 dur=107.15s bad=0
[21/200] h10w36p12k0.82r1s8 v=0 hotf=0 coldf=0 strict_total=5 any_total=5 rc=0 dur=62.49s bad=0
[22/200] h14w32p24k0.47r2s10 v=1 hotf=0 coldf=0 strict_total=5 any_total=5 rc=0 dur=98.65s bad=0
[23/200] h12w40p16k0.57r2s10 v=2 hotf=0 coldf=0 strict_total=5 any_total=5 rc=0 dur=89.03s bad=0
[24/200] h18w32p16k0.56r3s12 v=3 hotf=0 coldf=0 strict_total=5 any_total=5 rc=0 dur=128.31s bad=0
[25/200] h18w24p8k0.86r2s14 v=0 hotf=0 coldf=0 strict_total=5 any_total=5 rc=0 dur=103.85s bad=0
[26/200] h12w32p16k0.62r2s10 v=1 hotf=0 coldf=0 strict_total=5 any_total=5 rc=0 dur=78.92s bad=0
[27/200] h10w40p16k0.88r2s10 v=2 hotf=0 coldf=0 strict_total=5 any_total=5 rc=0 dur=77.04s bad=0
[28/200] h16w24p12k0.50r2s10 v=3 hotf=0 coldf=0 strict_total=5 any_total=5 rc=0 dur=89.87s bad=0
[29/200] h18w32p24k0.59r3s10 v=0 hotf=3 coldf=0 strict_total=6 any_total=6 rc=0 dur=110.36s bad=0
[30/200] h14w36p20k0.56r3s12 v=1 hotf=0 coldf=0 strict_total=6 any_total=6 rc=0 dur=111.36s bad=0
[31/200] h16w32p8k0.57r2s10 v=2 hotf=0 coldf=0 strict_total=6 any_total=6 rc=0 dur=97.8s bad=0
[32/200] h16w36p20k0.61r2s10 v=3 hotf=3 coldf=0 strict_total=7 any_total=7 rc=0 dur=111.08s bad=0
[33/200] h14w32p20k0.82r3s10 v=0 hotf=0 coldf=0 strict_total=7 any_total=7 rc=0 dur=108.32s bad=0
[34/200] h18w36p8k0.74r2s14 v=1 hotf=3 coldf=0 strict_total=8 any_total=8 rc=0 dur=107.58s bad=0
[35/200] h12w36p16k0.42r2s12 v=2 hotf=0 coldf=0 strict_total=8 any_total=8 rc=0 dur=87.55s bad=0
[36/200] h16w36p24k0.42r2s10 v=3 hotf=0 coldf=0 strict_total=8 any_total=8 rc=0 dur=140.55s bad=0
[37/200] h10w24p20k0.87r2s10 v=0 hotf=0 coldf=0 strict_total=8 any_total=8 rc=0 dur=69.7s bad=0
[38/200] h12w24p24k0.41r2s12 v=1 hotf=0 coldf=0 strict_total=8 any_total=8 rc=0 dur=82.13s bad=0
[39/200] h14w32p24k0.82r2s10 v=2 hotf=0 coldf=0 strict_total=8 any_total=8 rc=0 dur=94.84s bad=0
[40/200] h12w24p8k0.67r1s8 v=3 hotf=2 coldf=0 strict_total=9 any_total=9 rc=0 dur=73.59s bad=0
[41/200] h10w36p16k0.44r1s12 v=0 hotf=0 coldf=0 strict_total=9 any_total=9 rc=0 dur=66.05s bad=0
[42/200] h10w40p16k0.64r2s8 v=1 hotf=0 coldf=0 strict_total=9 any_total=9 rc=0 dur=70.99s bad=0
[43/200] h16w24p16k0.58r2s8 v=2 hotf=0 coldf=0 strict_total=9 any_total=9 rc=0 dur=90.02s bad=0
[44/200] h14w32p12k0.62r3s8 v=3 hotf=0 coldf=0 strict_total=9 any_total=9 rc=0 dur=96.99s bad=0
[45/200] h14w32p12k0.41r2s12 v=0 hotf=0 coldf=0 strict_total=9 any_total=9 rc=0 dur=87.63s bad=0
[46/200] h14w24p16k0.88r2s12 v=1 hotf=0 coldf=0 strict_total=9 any_total=9 rc=0 dur=87.2s bad=0
[47/200] h12w28p24k0.46r2s14 v=2 hotf=0 coldf=0 strict_total=9 any_total=9 rc=0 dur=86.15s bad=0
[48/200] h14w32p24k0.83r2s14 v=3 hotf=0 coldf=0 strict_total=9 any_total=9 rc=0 dur=96.15s bad=0
[49/200] h16w24p8k0.59r2s10 v=0 hotf=0 coldf=0 strict_total=9 any_total=9 rc=0 dur=92.7s bad=0
[50/200] h18w32p12k0.77r1s8 v=1 hotf=0 coldf=0 strict_total=9 any_total=9 rc=0 dur=87.23s bad=0
[51/200] h10w28p12k0.59r3s12 v=2 hotf=0 coldf=0 strict_total=9 any_total=9 rc=0 dur=82.08s bad=0
[52/200] h16w40p12k0.82r2s10 v=3 hotf=3 coldf=0 strict_total=10 any_total=10 rc=0 dur=104.61s bad=0
[53/200] h16w40p24k0.75r1s8 v=0 hotf=3 coldf=0 strict_total=11 any_total=11 rc=0 dur=130.39s bad=0
[54/200] h16w32p20k0.56r3s12 v=1 hotf=0 coldf=0 strict_total=11 any_total=11 rc=0 dur=119.22s bad=0
[55/200] h14w36p20k0.43r2s8 v=2 hotf=0 coldf=0 strict_total=11 any_total=11 rc=0 dur=92.32s bad=0
[56/200] h12w36p16k0.86r2s10 v=3 hotf=0 coldf=0 strict_total=11 any_total=11 rc=0 dur=80.4s bad=0
[57/200] h16w36p24k0.44r3s8 v=0 hotf=3 coldf=0 strict_total=12 any_total=12 rc=0 dur=116.15s bad=0
[58/200] h10w36p8k0.61r2s10 v=1 hotf=0 coldf=0 strict_total=12 any_total=12 rc=0 dur=70.92s bad=0
[59/200] h10w24p16k0.75r2s10 v=2 hotf=3 coldf=0 strict_total=13 any_total=13 rc=0 dur=74.85s bad=0
[60/200] h14w32p16k0.42r3s8 v=3 hotf=3 coldf=0 strict_total=14 any_total=14 rc=0 dur=93.35s bad=0
[61/200] h18w28p8k0.82r3s14 v=0 hotf=0 coldf=0 strict_total=14 any_total=14 rc=0 dur=121.86s bad=0
[62/200] h14w32p8k0.61r2s14 v=1 hotf=0 coldf=0 strict_total=14 any_total=14 rc=0 dur=93.24s bad=0
[63/200] h10w28p16k0.78r3s12 v=2 hotf=0 coldf=0 strict_total=14 any_total=14 rc=0 dur=82.81s bad=0
[64/200] h12w40p16k0.79r2s10 v=3 hotf=0 coldf=0 strict_total=14 any_total=14 rc=0 dur=85.2s bad=0
[65/200] h12w24p8k0.70r3s8 v=0 hotf=0 coldf=0 strict_total=14 any_total=14 rc=0 dur=84.49s bad=0
[66/200] h14w32p16k0.67r2s10 v=1 hotf=0 coldf=0 strict_total=14 any_total=14 rc=0 dur=89.65s bad=0
[67/200] h18w32p16k0.53r1s8 v=2 hotf=3 coldf=0 strict_total=15 any_total=15 rc=0 dur=116.36s bad=0
[68/200] h10w32p8k0.45r2s12 v=3 hotf=0 coldf=0 strict_total=15 any_total=15 rc=0 dur=72.48s bad=0
[69/200] h14w24p8k0.51r2s12 v=0 hotf=0 coldf=0 strict_total=15 any_total=15 rc=0 dur=86.07s bad=0
[70/200] h14w36p16k0.81r3s8 v=1 hotf=0 coldf=0 strict_total=15 any_total=15 rc=0 dur=105.68s bad=0
[71/200] h14w40p16k0.64r2s14 v=2 hotf=3 coldf=0 strict_total=16 any_total=16 rc=0 dur=104.75s bad=0
[72/200] h14w32p8k0.85r3s10 v=3 hotf=0 coldf=0 strict_total=16 any_total=16 rc=0 dur=99.33s bad=0
[73/200] h12w40p24k0.64r2s10 v=0 hotf=0 coldf=0 strict_total=16 any_total=16 rc=0 dur=86.5s bad=0
[74/200] h14w28p16k0.59r1s10 v=1 hotf=0 coldf=0 strict_total=16 any_total=16 rc=0 dur=75.96s bad=0
[75/200] h12w36p16k0.62r2s12 v=2 hotf=0 coldf=0 strict_total=16 any_total=16 rc=0 dur=86.92s bad=0
[76/200] h16w36p24k0.80r1s14 v=3 hotf=3 coldf=0 strict_total=17 any_total=17 rc=0 dur=111.98s bad=0
[77/200] h16w32p20k0.49r2s10 v=0 hotf=0 coldf=0 strict_total=17 any_total=17 rc=0 dur=99.76s bad=0
[78/200] h10w40p8k0.63r2s12 v=1 hotf=0 coldf=0 strict_total=17 any_total=17 rc=0 dur=74.68s bad=0
[79/200] h12w24p16k0.77r2s10 v=2 hotf=0 coldf=0 strict_total=17 any_total=17 rc=0 dur=77.89s bad=0
[80/200] h10w40p24k0.75r2s12 v=3 hotf=0 coldf=0 strict_total=17 any_total=17 rc=0 dur=78.26s bad=0
[81/200] h18w28p8k0.79r2s8 v=0 hotf=0 coldf=0 strict_total=17 any_total=17 rc=0 dur=101.7s bad=0
[82/200] h16w36p16k0.53r2s14 v=1 hotf=3 coldf=0 strict_total=18 any_total=18 rc=0 dur=114.4s bad=0
[83/200] h16w36p16k0.87r2s12 v=2 hotf=3 coldf=0 strict_total=19 any_total=19 rc=0 dur=105.4s bad=0
[84/200] h12w36p24k0.56r2s10 v=3 hotf=0 coldf=0 strict_total=19 any_total=19 rc=0 dur=85.87s bad=0
[85/200] h14w32p16k0.79r3s12 v=0 hotf=0 coldf=0 strict_total=19 any_total=19 rc=0 dur=104.1s bad=0
[86/200] h18w24p16k0.48r2s12 v=1 hotf=0 coldf=0 strict_total=19 any_total=19 rc=0 dur=105.0s bad=0
[87/200] h10w28p12k0.78r3s10 v=2 hotf=0 coldf=0 strict_total=19 any_total=19 rc=0 dur=76.47s bad=0
[88/200] h16w28p16k0.45r3s10 v=3 hotf=0 coldf=0 strict_total=19 any_total=19 rc=0 dur=110.69s bad=0
[89/200] h10w24p16k0.43r2s10 v=0 hotf=0 coldf=0 strict_total=19 any_total=19 rc=0 dur=70.5s bad=0
[90/200] h14w28p16k0.60r2s12 v=1 hotf=0 coldf=0 strict_total=19 any_total=19 rc=0 dur=88.44s bad=0
[91/200] h18w32p20k0.74r3s14 v=2 hotf=3 coldf=0 strict_total=20 any_total=20 rc=0 dur=121.32s bad=0
[92/200] h18w36p16k0.59r3s8 v=3 hotf=3 coldf=0 strict_total=21 any_total=21 rc=0 dur=110.53s bad=0
[93/200] h16w36p16k0.69r1s10 v=0 hotf=3 coldf=0 strict_total=22 any_total=22 rc=0 dur=112.92s bad=0
[94/200] h16w32p16k0.71r2s14 v=1 hotf=0 coldf=0 strict_total=22 any_total=22 rc=0 dur=103.7s bad=0
[95/200] h10w36p12k0.56r3s10 v=2 hotf=0 coldf=0 strict_total=22 any_total=22 rc=0 dur=81.53s bad=0
[96/200] h14w32p16k0.87r2s14 v=3 hotf=0 coldf=0 strict_total=22 any_total=22 rc=0 dur=95.32s bad=0
[97/200] h14w36p8k0.80r2s10 v=0 hotf=0 coldf=0 strict_total=22 any_total=22 rc=0 dur=91.52s bad=0
[98/200] h16w28p24k0.44r1s12 v=1 hotf=0 coldf=0 strict_total=22 any_total=22 rc=0 dur=89.09s bad=0
[99/200] h14w36p8k0.63r1s12 v=2 hotf=0 coldf=0 strict_total=22 any_total=22 rc=0 dur=81.1s bad=0
[100/200] h16w36p8k0.63r1s8 v=3 hotf=0 coldf=0 strict_total=22 any_total=22 rc=0 dur=82.46s bad=0
[101/200] h14w24p16k0.69r2s10 v=0 hotf=0 coldf=0 strict_total=22 any_total=22 rc=0 dur=87.66s bad=0
[102/200] h10w36p20k0.80r3s10 v=1 hotf=0 coldf=0 strict_total=22 any_total=22 rc=0 dur=83.47s bad=0
[103/200] h16w36p16k0.84r1s14 v=2 hotf=3 coldf=0 strict_total=23 any_total=23 rc=0 dur=105.12s bad=0
[104/200] h16w32p16k0.58r1s8 v=3 hotf=0 coldf=0 strict_total=23 any_total=23 rc=0 dur=85.72s bad=0
[105/200] h12w36p16k0.58r2s14 v=0 hotf=0 coldf=0 strict_total=23 any_total=23 rc=0 dur=86.93s bad=0
[106/200] h16w40p8k0.47r1s8 v=1 hotf=3 coldf=0 strict_total=24 any_total=24 rc=0 dur=109.47s bad=0
[107/200] h16w40p16k0.42r1s12 v=2 hotf=3 coldf=0 strict_total=25 any_total=25 rc=0 dur=107.28s bad=0
[108/200] h12w28p16k0.83r2s12 v=3 hotf=0 coldf=0 strict_total=25 any_total=25 rc=0 dur=81.15s bad=0
[109/200] h16w36p12k0.69r2s14 v=0 hotf=0 coldf=0 strict_total=25 any_total=25 rc=0 dur=104.03s bad=0
[110/200] h14w32p20k0.60r2s8 v=1 hotf=0 coldf=0 strict_total=25 any_total=25 rc=0 dur=101.29s bad=0
[111/200] h18w40p16k0.54r2s10 v=2 hotf=3 coldf=0 strict_total=26 any_total=26 rc=0 dur=122.18s bad=0
[112/200] h14w32p8k0.40r2s14 v=3 hotf=0 coldf=0 strict_total=26 any_total=26 rc=0 dur=91.34s bad=0
[113/200] h12w28p20k0.68r1s10 v=0 hotf=0 coldf=0 strict_total=26 any_total=26 rc=0 dur=68.63s bad=0
[114/200] h12w36p16k0.61r2s12 v=1 hotf=0 coldf=0 strict_total=26 any_total=26 rc=0 dur=84.13s bad=0
[115/200] h16w40p16k0.62r2s10 v=2 hotf=3 coldf=0 strict_total=27 any_total=27 rc=0 dur=106.62s bad=0
[116/200] h10w36p16k0.46r2s14 v=3 hotf=0 coldf=0 strict_total=27 any_total=27 rc=0 dur=76.63s bad=0
[117/200] h18w24p12k0.55r3s8 v=0 hotf=0 coldf=0 strict_total=27 any_total=27 rc=0 dur=112.92s bad=0
[118/200] h18w28p16k0.84r2s12 v=1 hotf=0 coldf=0 strict_total=27 any_total=27 rc=0 dur=110.36s bad=0
[119/200] h18w32p24k0.41r2s12 v=2 hotf=3 coldf=0 strict_total=28 any_total=28 rc=0 dur=122.67s bad=0
[120/200] h10w36p8k0.86r1s8 v=3 hotf=0 coldf=0 strict_total=28 any_total=28 rc=0 dur=57.78s bad=0
[121/200] h18w36p16k0.59r3s8 v=0 hotf=3 coldf=0 strict_total=29 any_total=29 rc=0 dur=107.85s bad=0
[122/200] h18w24p24k0.53r2s10 v=1 hotf=0 coldf=0 strict_total=29 any_total=29 rc=0 dur=110.41s bad=0
[123/200] h16w40p24k0.64r2s8 v=2 hotf=3 coldf=0 strict_total=30 any_total=30 rc=0 dur=114.74s bad=0
[124/200] h18w36p16k0.83r2s12 v=3 hotf=3 coldf=0 strict_total=31 any_total=31 rc=0 dur=112.13s bad=0
[125/200] h14w32p24k0.61r2s10 v=0 hotf=0 coldf=0 strict_total=31 any_total=31 rc=0 dur=92.08s bad=0
[126/200] h10w36p16k0.56r3s10 v=1 hotf=0 coldf=0 strict_total=31 any_total=31 rc=0 dur=78.73s bad=0
[127/200] h18w32p16k0.79r2s14 v=2 hotf=0 coldf=0 strict_total=31 any_total=31 rc=0 dur=111.32s bad=0
[128/200] h14w32p16k0.71r1s12 v=3 hotf=0 coldf=0 strict_total=31 any_total=31 rc=0 dur=77.99s bad=0
[129/200] h16w32p20k0.55r2s14 v=0 hotf=0 coldf=0 strict_total=31 any_total=31 rc=0 dur=103.16s bad=0
[130/200] h16w36p16k0.78r1s10 v=1 hotf=3 coldf=0 strict_total=32 any_total=32 rc=0 dur=106.29s bad=0
[131/200] h16w28p16k0.82r2s10 v=2 hotf=0 coldf=0 strict_total=32 any_total=32 rc=0 dur=91.17s bad=0
[132/200] h16w32p24k0.62r1s8 v=3 hotf=0 coldf=0 strict_total=32 any_total=32 rc=0 dur=86.42s bad=0
[133/200] h10w36p20k0.78r1s14 v=0 hotf=0 coldf=0 strict_total=32 any_total=32 rc=0 dur=66.64s bad=0
[134/200] h14w32p24k0.52r2s14 v=1 hotf=0 coldf=0 strict_total=32 any_total=32 rc=0 dur=96.97s bad=0
[135/200] h14w40p16k0.61r3s14 v=2 hotf=3 coldf=0 strict_total=33 any_total=33 rc=0 dur=100.9s bad=0
[136/200] h16w32p8k0.68r2s14 v=3 hotf=0 coldf=0 strict_total=33 any_total=33 rc=0 dur=94.71s bad=0
[137/200] h14w40p8k0.67r3s12 v=0 hotf=0 coldf=0 strict_total=33 any_total=33 rc=0 dur=101.5s bad=0
[138/200] h10w40p20k0.52r2s14 v=1 hotf=0 coldf=0 strict_total=33 any_total=33 rc=0 dur=75.91s bad=0
[139/200] h18w28p16k0.42r2s10 v=2 hotf=0 coldf=0 strict_total=33 any_total=33 rc=0 dur=102.77s bad=0
[140/200] h14w36p16k0.60r2s14 v=3 hotf=0 coldf=0 strict_total=33 any_total=33 rc=0 dur=91.79s bad=0
[141/200] h12w40p12k0.87r2s12 v=0 hotf=0 coldf=0 strict_total=33 any_total=33 rc=0 dur=84.09s bad=0
[142/200] h10w36p8k0.76r2s8 v=1 hotf=0 coldf=0 strict_total=33 any_total=33 rc=0 dur=66.59s bad=0
[143/200] h14w40p8k0.75r3s14 v=2 hotf=3 coldf=0 strict_total=34 any_total=34 rc=0 dur=105.01s bad=0
[144/200] h16w24p20k0.82r2s8 v=3 hotf=0 coldf=0 strict_total=34 any_total=34 rc=0 dur=92.0s bad=0
[145/200] h16w40p16k0.56r2s12 v=0 hotf=3 coldf=0 strict_total=35 any_total=35 rc=0 dur=108.9s bad=0
[146/200] h16w40p16k0.64r3s10 v=1 hotf=3 coldf=0 strict_total=36 any_total=36 rc=0 dur=103.7s bad=0
[147/200] h14w32p16k0.53r2s10 v=2 hotf=0 coldf=0 strict_total=36 any_total=36 rc=0 dur=89.15s bad=0
[148/200] h10w36p8k0.49r1s10 v=3 hotf=0 coldf=0 strict_total=36 any_total=36 rc=0 dur=62.38s bad=0
[149/200] h16w36p16k0.55r2s10 v=0 hotf=0 coldf=0 strict_total=36 any_total=36 rc=0 dur=96.03s bad=0
[150/200] h12w36p8k0.48r2s10 v=1 hotf=0 coldf=0 strict_total=36 any_total=36 rc=0 dur=78.18s bad=0
[151/200] h12w24p24k0.88r3s8 v=2 hotf=0 coldf=0 strict_total=36 any_total=36 rc=0 dur=90.3s bad=0
[152/200] h14w24p16k0.62r2s12 v=3 hotf=0 coldf=0 strict_total=36 any_total=36 rc=0 dur=82.46s bad=0
[153/200] h12w24p20k0.40r2s10 v=0 hotf=0 coldf=0 strict_total=36 any_total=36 rc=0 dur=78.29s bad=0
[154/200] h10w24p20k0.59r3s10 v=1 hotf=0 coldf=0 strict_total=36 any_total=36 rc=0 dur=77.75s bad=0
[155/200] h14w24p16k0.61r1s10 v=2 hotf=0 coldf=0 strict_total=36 any_total=36 rc=0 dur=69.93s bad=0
[156/200] h14w24p12k0.65r1s14 v=3 hotf=0 coldf=0 strict_total=36 any_total=36 rc=0 dur=74.22s bad=0
[157/200] h16w32p24k0.84r1s10 v=0 hotf=0 coldf=0 strict_total=36 any_total=36 rc=0 dur=84.08s bad=0
[158/200] h10w24p24k0.45r2s8 v=1 hotf=0 coldf=0 strict_total=36 any_total=36 rc=0 dur=66.41s bad=0
[159/200] h16w32p16k0.39r2s10 v=2 hotf=0 coldf=0 strict_total=36 any_total=36 rc=0 dur=96.91s bad=0
[160/200] h14w28p20k0.58r2s10 v=3 hotf=0 coldf=0 strict_total=36 any_total=36 rc=0 dur=85.29s bad=0
[161/200] h14w40p8k0.61r2s14 v=0 hotf=0 coldf=0 strict_total=36 any_total=36 rc=0 dur=90.81s bad=0
[162/200] h14w24p24k0.85r1s8 v=1 hotf=1 coldf=0 strict_total=37 any_total=37 rc=0 dur=74.64s bad=0
[163/200] h16w28p24k0.57r2s12 v=2 hotf=0 coldf=0 strict_total=37 any_total=37 rc=0 dur=98.61s bad=0
[164/200] h10w24p12k0.57r2s10 v=3 hotf=0 coldf=0 strict_total=37 any_total=37 rc=0 dur=66.85s bad=0
[165/200] h18w32p12k0.51r1s12 v=0 hotf=3 coldf=0 strict_total=38 any_total=38 rc=0 dur=112.95s bad=0
[166/200] h14w36p24k0.51r1s10 v=1 hotf=0 coldf=0 strict_total=38 any_total=38 rc=0 dur=82.63s bad=0
[167/200] h10w36p20k0.63r2s8 v=2 hotf=0 coldf=0 strict_total=38 any_total=38 rc=0 dur=72.23s bad=0
[168/200] h16w36p16k0.54r2s8 v=3 hotf=3 coldf=0 strict_total=39 any_total=39 rc=0 dur=110.21s bad=0
[169/200] h14w32p8k0.67r2s10 v=0 hotf=0 coldf=0 strict_total=39 any_total=39 rc=0 dur=86.75s bad=0
[170/200] h10w24p20k0.71r2s10 v=1 hotf=0 coldf=0 strict_total=39 any_total=39 rc=0 dur=67.49s bad=0
[171/200] h12w36p20k0.47r2s12 v=2 hotf=0 coldf=0 strict_total=39 any_total=39 rc=0 dur=85.8s bad=0
[172/200] h18w28p8k0.76r2s14 v=3 hotf=0 coldf=0 strict_total=39 any_total=39 rc=0 dur=101.79s bad=0
[173/200] h14w32p16k0.45r2s14 v=0 hotf=0 coldf=0 strict_total=39 any_total=39 rc=0 dur=92.82s bad=0
[174/200] h16w36p20k0.73r2s10 v=1 hotf=3 coldf=0 strict_total=40 any_total=40 rc=0 dur=101.24s bad=0
[175/200] h16w40p8k0.39r3s10 v=2 hotf=3 coldf=0 strict_total=41 any_total=41 rc=0 dur=98.71s bad=0
[176/200] h14w32p24k0.73r2s14 v=3 hotf=0 coldf=0 strict_total=41 any_total=41 rc=0 dur=95.82s bad=0
[177/200] h10w40p8k0.59r2s8 v=0 hotf=0 coldf=0 strict_total=41 any_total=41 rc=0 dur=66.36s bad=0
[178/200] h12w36p16k0.59r3s8 v=1 hotf=0 coldf=0 strict_total=41 any_total=41 rc=0 dur=87.44s bad=0
[179/200] h16w32p24k0.38r2s14 v=2 hotf=0 coldf=0 strict_total=41 any_total=41 rc=0 dur=104.13s bad=0
[180/200] h16w32p24k0.61r1s10 v=3 hotf=0 coldf=0 strict_total=41 any_total=41 rc=0 dur=85.07s bad=0
[181/200] h10w24p24k0.45r2s14 v=0 hotf=0 coldf=0 strict_total=41 any_total=41 rc=0 dur=73.93s bad=0
[182/200] h14w32p20k0.46r1s10 v=1 hotf=0 coldf=0 strict_total=41 any_total=41 rc=0 dur=78.14s bad=0
[183/200] h10w40p16k0.67r2s10 v=2 hotf=0 coldf=0 strict_total=41 any_total=41 rc=0 dur=73.47s bad=0
[184/200] h18w32p16k0.47r1s10 v=3 hotf=0 coldf=0 strict_total=41 any_total=41 rc=0 dur=89.34s bad=0
[185/200] h12w36p16k0.70r2s8 v=0 hotf=0 coldf=0 strict_total=41 any_total=41 rc=0 dur=78.69s bad=0
[186/200] h16w32p8k0.56r2s12 v=1 hotf=0 coldf=0 strict_total=41 any_total=41 rc=0 dur=96.78s bad=0
[187/200] h16w24p12k0.66r2s10 v=2 hotf=0 coldf=0 strict_total=41 any_total=41 rc=0 dur=86.41s bad=0
[188/200] h16w36p8k0.66r1s10 v=3 hotf=3 coldf=0 strict_total=42 any_total=42 rc=0 dur=99.13s bad=0
[189/200] h12w28p12k0.45r3s10 v=0 hotf=0 coldf=0 strict_total=42 any_total=42 rc=0 dur=86.85s bad=0
[190/200] h10w32p20k0.76r2s10 v=1 hotf=0 coldf=0 strict_total=42 any_total=42 rc=0 dur=72.74s bad=0
[191/200] h14w28p16k0.87r2s14 v=2 hotf=0 coldf=0 strict_total=42 any_total=42 rc=0 dur=86.49s bad=0
[192/200] h18w36p8k0.38r2s14 v=3 hotf=3 coldf=0 strict_total=43 any_total=43 rc=0 dur=107.95s bad=0
[193/200] h16w32p8k0.40r2s12 v=0 hotf=0 coldf=0 strict_total=43 any_total=43 rc=0 dur=95.45s bad=0
[194/200] h14w32p12k0.78r2s10 v=1 hotf=0 coldf=0 strict_total=43 any_total=43 rc=0 dur=85.88s bad=0
[195/200] h14w36p24k0.57r2s8 v=2 hotf=0 coldf=0 strict_total=43 any_total=43 rc=0 dur=90.36s bad=0
[196/200] h18w40p16k0.80r2s10 v=3 hotf=3 coldf=0 strict_total=44 any_total=44 rc=0 dur=112.72s bad=0
[197/200] h16w32p20k0.43r1s12 v=0 hotf=0 coldf=0 strict_total=44 any_total=44 rc=0 dur=83.45s bad=0
[198/200] h16w32p8k0.69r2s10 v=1 hotf=0 coldf=0 strict_total=44 any_total=44 rc=0 dur=92.71s bad=0
[199/200] h14w24p16k0.55r2s10 v=2 hotf=0 coldf=0 strict_total=44 any_total=44 rc=0 dur=82.19s bad=0
[200/200] h10w28p20k0.82r2s10 v=3 hotf=0 coldf=0 strict_total=44 any_total=44 rc=0 dur=70.34s bad=0

DONE seed=999001 iterations=200 strict_hits=44 any_hits=44 bad_rows=0
CSV: /home/tommy/pythonprojects/bedrock/installer/lib/rustfs-patches/sweep-results/sweep-4node-monte200-20260504-011229.csv
LOG: /home/tommy/pythonprojects/bedrock/installer/lib/rustfs-patches/sweep-results/sweep-4node-monte200-20260504-011229.log

Per-victim strict hits (victim_idx -> .189,.190,.191,.192):
  victim 0  n=50  strict=9  (18.0%)
  victim 1  n=50  strict=9  (18.0%)
  victim 2  n=50  strict=14  (28.0%)
  victim 3  n=50  strict=12  (24.0%)

Hotspot combos (hot, writers, payload_MiB, kill, read_rounds) with n>=4, by strict rate:
  (no combo reached n>=4 — widen run or lower threshold)

Coarser hotspots (hot_keys, writers, payload_MiB) with n>=6, by strict rate:
  (16, 36, 16)  n=7  strict=6  (85.7%)  any_hot=6
  (14, 32, 16)  n=8  strict=1  (12.5%)  any_hot=1
  (14, 32, 24)  n=7  strict=0  (0.0%)  any_hot=0
  (12, 36, 16)  n=7  strict=0  (0.0%)  any_hot=0
